// Jest Snapshot v1, https://goo.gl/fbAQLP

exports[`renders statList with default props 1`] = `
ShallowWrapper {
  Symbol(enzyme.__root__): [Circular],
  Symbol(enzyme.__unrendered__): <StatList
    stats={
      Array [
        Object {
          "base_stat": 0,
          "stat": Object {
            "name": "hp",
          },
        },
        Object {
          "base_stat": 0,
          "stat": Object {
            "name": "attack",
          },
        },
        Object {
          "base_stat": 0,
          "stat": Object {
            "name": "special-attack",
          },
        },
        Object {
          "base_stat": 0,
          "stat": Object {
            "name": "defense",
          },
        },
        Object {
          "base_stat": 0,
          "stat": Object {
            "name": "special-defense",
          },
        },
      ]
    }
  />,
  Symbol(enzyme.__renderer__): Object {
    "batchedUpdates": [Function],
    "checkPropTypes": [Function],
    "getNode": [Function],
    "render": [Function],
    "simulateError": [Function],
    "simulateEvent": [Function],
    "unmount": [Function],
  },
  Symbol(enzyme.__node__): Object {
    "instance": null,
    "key": undefined,
    "nodeType": "function",
    "props": Object {
      "children": Array [
        Array [
          <StatItem
            label="HP"
            value={0}
          />,
          <StatItem
            label="Atk"
            value={0}
          />,
          <StatItem
            label="Def"
            value={0}
          />,
          <StatItem
            label="SpA"
            value={0}
          />,
          <StatItem
            label="SpD"
            value={0}
          />,
        ],
        <StatItem
          label="Total"
          value={0}
        />,
      ],
    },
    "ref": null,
    "rendered": Array [
      Object {
        "instance": null,
        "key": "hp",
        "nodeType": "function",
        "props": Object {
          "label": "HP",
          "value": 0,
        },
        "ref": null,
        "rendered": null,
        "type": [Function],
      },
      Object {
        "instance": null,
        "key": "attack",
        "nodeType": "function",
        "props": Object {
          "label": "Atk",
          "value": 0,
        },
        "ref": null,
        "rendered": null,
        "type": [Function],
      },
      Object {
        "instance": null,
        "key": "defense",
        "nodeType": "function",
        "props": Object {
          "label": "Def",
          "value": 0,
        },
        "ref": null,
        "rendered": null,
        "type": [Function],
      },
      Object {
        "instance": null,
        "key": "special-attack",
        "nodeType": "function",
        "props": Object {
          "label": "SpA",
          "value": 0,
        },
        "ref": null,
        "rendered": null,
        "type": [Function],
      },
      Object {
        "instance": null,
        "key": "special-defense",
        "nodeType": "function",
        "props": Object {
          "label": "SpD",
          "value": 0,
        },
        "ref": null,
        "rendered": null,
        "type": [Function],
      },
      Object {
        "instance": null,
        "key": undefined,
        "nodeType": "function",
        "props": Object {
          "label": "Total",
          "value": 0,
        },
        "ref": null,
        "rendered": null,
        "type": [Function],
      },
    ],
    "type": Object {
      "$$typeof": Symbol(react.forward_ref),
      "attrs": Array [],
      "componentStyle": ComponentStyle {
        "componentId": "sc-bxivhb",
        "isStatic": true,
        "rules": Array [
          "
  display: flex;
  flex: 1;
  flex-direction: row;
  flex-wrap: wrap;
  align-items: center;
  justify-content: center;
  border-top: 1px solid #ebedef;
",
        ],
      },
      "displayName": "styled.div",
      "foldedComponentIds": Array [],
      "render": [Function],
      "styledComponentId": "sc-bxivhb",
      "target": "div",
      "toString": [Function],
      "warnTooManyClasses": [Function],
      "withComponent": [Function],
    },
  },
  Symbol(enzyme.__nodes__): Array [
    Object {
      "instance": null,
      "key": undefined,
      "nodeType": "function",
      "props": Object {
        "children": Array [
          Array [
            <StatItem
              label="HP"
              value={0}
            />,
            <StatItem
              label="Atk"
              value={0}
            />,
            <StatItem
              label="Def"
              value={0}
            />,
            <StatItem
              label="SpA"
              value={0}
            />,
            <StatItem
              label="SpD"
              value={0}
            />,
          ],
          <StatItem
            label="Total"
            value={0}
          />,
        ],
      },
      "ref": null,
      "rendered": Array [
        Object {
          "instance": null,
          "key": "hp",
          "nodeType": "function",
          "props": Object {
            "label": "HP",
            "value": 0,
          },
          "ref": null,
          "rendered": null,
          "type": [Function],
        },
        Object {
          "instance": null,
          "key": "attack",
          "nodeType": "function",
          "props": Object {
            "label": "Atk",
            "value": 0,
          },
          "ref": null,
          "rendered": null,
          "type": [Function],
        },
        Object {
          "instance": null,
          "key": "defense",
          "nodeType": "function",
          "props": Object {
            "label": "Def",
            "value": 0,
          },
          "ref": null,
          "rendered": null,
          "type": [Function],
        },
        Object {
          "instance": null,
          "key": "special-attack",
          "nodeType": "function",
          "props": Object {
            "label": "SpA",
            "value": 0,
          },
          "ref": null,
          "rendered": null,
          "type": [Function],
        },
        Object {
          "instance": null,
          "key": "special-defense",
          "nodeType": "function",
          "props": Object {
            "label": "SpD",
            "value": 0,
          },
          "ref": null,
          "rendered": null,
          "type": [Function],
        },
        Object {
          "instance": null,
          "key": undefined,
          "nodeType": "function",
          "props": Object {
            "label": "Total",
            "value": 0,
          },
          "ref": null,
          "rendered": null,
          "type": [Function],
        },
      ],
      "type": Object {
        "$$typeof": Symbol(react.forward_ref),
        "attrs": Array [],
        "componentStyle": ComponentStyle {
          "componentId": "sc-bxivhb",
          "isStatic": true,
          "rules": Array [
            "
  display: flex;
  flex: 1;
  flex-direction: row;
  flex-wrap: wrap;
  align-items: center;
  justify-content: center;
  border-top: 1px solid #ebedef;
",
          ],
        },
        "displayName": "styled.div",
        "foldedComponentIds": Array [],
        "render": [Function],
        "styledComponentId": "sc-bxivhb",
        "target": "div",
        "toString": [Function],
        "warnTooManyClasses": [Function],
        "withComponent": [Function],
      },
    },
  ],
  Symbol(enzyme.__options__): Object {
    "adapter": ReactSixteenAdapter {
      "options": Object {
        "enableComponentDidUpdateOnSetState": true,
        "legacyContextMode": "parent",
        "lifecycles": Object {
          "componentDidUpdate": Object {
            "onSetState": true,
          },
          "getChildContext": Object {
            "calledByRenderer": false,
          },
          "getDerivedStateFromProps": Object {
            "hasShouldComponentUpdateBug": false,
          },
          "getSnapshotBeforeUpdate": true,
          "setState": Object {
            "skipsComponentDidUpdateOnNullish": true,
          },
        },
      },
    },
  },
}
`;
